gcc -g p1original.c
 gdb a.out
GNU gdb (Ubuntu 8.1.1-0ubuntu1) 8.1.1
Copyright (C) 2018 Free Software Foundation, Inc.
License GPLv3+: GNU GPL version 3 or later <http://gnu.org/licenses/gpl.html>
This is free software: you are free to change and redistribute it.
There is NO WARRANTY, to the extent permitted by law.  Type "show copying"
and "show warranty" for details.
This GDB was configured as "x86_64-linux-gnu".
Type "show configuration" for configuration details.
For bug reporting instructions, please see:
<http://www.gnu.org/software/gdb/bugs/>.
Find the GDB manual and other documentation resources online at:
<http://www.gnu.org/software/gdb/documentation/>.
For help, type "help".
Type "apropos word" to search for commands related to "word"...
Reading symbols from a.out...done.
(gdb) b main
Breakpoint 1 at 0x7fc: file p1original.c, line 16.
(gdb) r
Starting program: /home/runner/pps-IA1-practice-1/a.out 
warning: Error disabling address space randomization: Operation not permitted

Breakpoint 1, main () at p1original.c:16
16  {
(gdb) n
18    input(&a,&b);
(gdb) s
input (pa=0x7ffc7ae5d5ac, pb=0x7ffc7ae5d5b0) at p1original.c:4
4     printf("enter two numbers\n");
(gdb) n
enter two numbers
5     scanf("%d%d",pa,pb);
(gdb) n
7
9
6   }
(gdb) n
main () at p1original.c:19
19    add(a,b,&c);
 
 gcc -g p2original.c
 gdb a.out
GNU gdb (Ubuntu 8.1.1-0ubuntu1) 8.1.1
Copyright (C) 2018 Free Software Foundation, Inc.
License GPLv3+: GNU GPL version 3 or later <http://gnu.org/licenses/gpl.html>
This is free software: you are free to change and redistribute it.
There is NO WARRANTY, to the extent permitted by law.  Type "show copying"
and "show warranty" for details.
This GDB was configured as "x86_64-linux-gnu".
Type "show configuration" for configuration details.
For bug reporting instructions, please see:
<http://www.gnu.org/software/gdb/bugs/>.
Find the GDB manual and other documentation resources online at:
<http://www.gnu.org/software/gdb/documentation/>.
For help, type "help".
Type "apropos word" to search for commands related to "word"...
Reading symbols from a.out...done.
(gdb) b main
Breakpoint 1 at 0x879: file p2original.c, line 31.
(gdb) r
Starting program: /home/runner/pps-IA1-practice-1/a.out 
warning: Error disabling address space randomization: Operation not permitted

Breakpoint 1, main () at p2original.c:31
31  {
(gdb) n
33      input(&a1,&a2,&a3);
(gdb) s
input (a=0x7ffcd4e7dfd8, b=0x7ffcd4e7dfdc, c=0x7ffcd4e7dfe0) at p2original.c:4
4       printf("enter the first number:\n");
(gdb) n
enter the first number:
5       scanf("%d",a);
(gdb) n
8
6       printf("enter the second number:\n");
(gdb) n
enter the second number:
7       scanf("%d",b);
(gdb) n
4
8       printf("enter the third number:\n");
(gdb) n
enter the third number:
9       scanf("%d",c);
(gdb) n
88
10  }
(gdb) n
main () at p2original.c:34
34      cmp(a1,a2,a3,& large);
(gdb) s
cmp (a=8, b=4, c=88, large=0x7ffcd4e7dfe4) at p2original.c:13
13      if(a>b && a>c)
(gdb) n
17      else if (b>c)
(gdb) n
23          *large=c;
(gdb) n
25  }
(gdb) n
main () at p2original.c:35
35      output(a1,a2,a3,large);
(gdb) s
output (a=8, b=4, c=88, large=88) at p2original.c:28
28      printf("the biggest of %d ,%d and %d is %d \n",a,b,c,large);
(gdb) n
the biggest of 8 ,4 and 88 is 88 
29             }
(gdb) n
main () at p2original.c:36
36      return 0;
(gdb) 